in_source: |
  : say-hello  ."Hello World!" ;
  say-hello
in_stdin: |
  Doesn't matter
out_stdout: |
  source LoC: 3 code instr: 17
  ============================================================
  Hello World!
  instr_counter: 137 ticks: 573
out_log: |
  DEBUG   machine_hw:run           	TICK:   0	PC:   0	TOS:   0	TOS1:   0	SP:   1		jmp 15
  DEBUG   machine_hw:run           	TICK:   1	PC:  15	TOS:   0	TOS1:   0	SP:   1		call 1
  DEBUG   machine_hw:run           	TICK:   3	PC:   1	TOS:   0	TOS1:   0	SP:   1		nop None
  DEBUG   machine_hw:run           	TICK:   3	PC:   2	TOS:   0	TOS1:   0	SP:   1		lit 3
  DEBUG   machine_hw:run           	TICK:   7	PC:   3	TOS:   3	TOS1:   0	SP:   2		dup None
  DEBUG   machine_hw:run           	TICK:  10	PC:   4	TOS:   3	TOS1:   3	SP:   3		load None
  DEBUG   machine_hw:run           	TICK:  12	PC:   5	TOS:  72	TOS1:   3	SP:   3		lit 1
  DEBUG   machine_hw:run           	TICK:  16	PC:   6	TOS:   1	TOS1:  72	SP:   4		store None
  DEBUG   machine_hw:run           	TICK:  23	PC:   7	TOS:   3	TOS1:   0	SP:   2		lit 1
  DEBUG   machine_hw:run           	TICK:  27	PC:   8	TOS:   1	TOS1:   3	SP:   3		add None
  DEBUG   machine_hw:run           	TICK:  33	PC:   9	TOS:   4	TOS1:   0	SP:   2		dup None
  DEBUG   machine_hw:run           	TICK:  36	PC:  10	TOS:   4	TOS1:   4	SP:   3		lit 15
  DEBUG   machine_hw:run           	TICK:  40	PC:  11	TOS:  15	TOS1:   4	SP:   4		sub None
  DEBUG   machine_hw:run           	TICK:  46	PC:  12	TOS: -11	TOS1:   4	SP:   3		is_neg None
  DEBUG   machine_hw:run           	TICK:  48	PC:  13	TOS:  -1	TOS1:   4	SP:   3		jnz 3
  DEBUG   machine_hw:run           	TICK:  54	PC:   3	TOS:   4	TOS1:   0	SP:   2		dup None
  DEBUG   machine_hw:run           	TICK:  57	PC:   4	TOS:   4	TOS1:   4	SP:   3		load None
  DEBUG   machine_hw:run           	TICK:  59	PC:   5	TOS: 101	TOS1:   4	SP:   3		lit 1
  DEBUG   machine_hw:run           	TICK:  63	PC:   6	TOS:   1	TOS1: 101	SP:   4		store None
  DEBUG   machine_hw:run           	TICK:  70	PC:   7	TOS:   4	TOS1:   0	SP:   2		lit 1
  DEBUG   machine_hw:run           	TICK:  74	PC:   8	TOS:   1	TOS1:   4	SP:   3		add None
  DEBUG   machine_hw:run           	TICK:  80	PC:   9	TOS:   5	TOS1:   0	SP:   2		dup None
  DEBUG   machine_hw:run           	TICK:  83	PC:  10	TOS:   5	TOS1:   5	SP:   3		lit 15
  DEBUG   machine_hw:run           	TICK:  87	PC:  11	TOS:  15	TOS1:   5	SP:   4		sub None
  DEBUG   machine_hw:run           	TICK:  93	PC:  12	TOS: -10	TOS1:   5	SP:   3		is_neg None
  DEBUG   machine_hw:run           	TICK:  95	PC:  13	TOS:  -1	TOS1:   5	SP:   3		jnz 3
  DEBUG   machine_hw:run           	TICK: 101	PC:   3	TOS:   5	TOS1:   0	SP:   2		dup None
  DEBUG   machine_hw:run           	TICK: 104	PC:   4	TOS:   5	TOS1:   5	SP:   3		load None
  DEBUG   machine_hw:run           	TICK: 106	PC:   5	TOS: 108	TOS1:   5	SP:   3		lit 1
  DEBUG   machine_hw:run           	TICK: 110	PC:   6	TOS:   1	TOS1: 108	SP:   4		store None
  DEBUG   machine_hw:run           	TICK: 117	PC:   7	TOS:   5	TOS1:   0	SP:   2		lit 1
  DEBUG   machine_hw:run           	TICK: 121	PC:   8	TOS:   1	TOS1:   5	SP:   3		add None
  DEBUG   machine_hw:run           	TICK: 127	PC:   9	TOS:   6	TOS1:   0	SP:   2		dup None
  DEBUG   machine_hw:run           	TICK: 130	PC:  10	TOS:   6	TOS1:   6	SP:   3		lit 15
  DEBUG   machine_hw:run           	TICK: 134	PC:  11	TOS:  15	TOS1:   6	SP:   4		sub None
  DEBUG   machine_hw:run           	TICK: 140	PC:  12	TOS:  -9	TOS1:   6	SP:   3		is_neg None
  DEBUG   machine_hw:run           	TICK: 142	PC:  13	TOS:  -1	TOS1:   6	SP:   3		jnz 3
  DEBUG   machine_hw:run           	TICK: 148	PC:   3	TOS:   6	TOS1:   0	SP:   2		dup None
  DEBUG   machine_hw:run           	TICK: 151	PC:   4	TOS:   6	TOS1:   6	SP:   3		load None
  DEBUG   machine_hw:run           	TICK: 153	PC:   5	TOS: 108	TOS1:   6	SP:   3		lit 1
  DEBUG   machine_hw:run           	TICK: 157	PC:   6	TOS:   1	TOS1: 108	SP:   4		store None
  DEBUG   machine_hw:run           	TICK: 164	PC:   7	TOS:   6	TOS1:   0	SP:   2		lit 1
  DEBUG   machine_hw:run           	TICK: 168	PC:   8	TOS:   1	TOS1:   6	SP:   3		add None
  DEBUG   machine_hw:run           	TICK: 174	PC:   9	TOS:   7	TOS1:   0	SP:   2		dup None
  DEBUG   machine_hw:run           	TICK: 177	PC:  10	TOS:   7	TOS1:   7	SP:   3		lit 15
  DEBUG   machine_hw:run           	TICK: 181	PC:  11	TOS:  15	TOS1:   7	SP:   4		sub None
  DEBUG   machine_hw:run           	TICK: 187	PC:  12	TOS:  -8	TOS1:   7	SP:   3		is_neg None
  DEBUG   machine_hw:run           	TICK: 189	PC:  13	TOS:  -1	TOS1:   7	SP:   3		jnz 3
  DEBUG   machine_hw:run           	TICK: 195	PC:   3	TOS:   7	TOS1:   0	SP:   2		dup None
  DEBUG   machine_hw:run           	TICK: 198	PC:   4	TOS:   7	TOS1:   7	SP:   3		load None
  DEBUG   machine_hw:run           	TICK: 200	PC:   5	TOS: 111	TOS1:   7	SP:   3		lit 1
  DEBUG   machine_hw:run           	TICK: 204	PC:   6	TOS:   1	TOS1: 111	SP:   4		store None
  DEBUG   machine_hw:run           	TICK: 211	PC:   7	TOS:   7	TOS1:   0	SP:   2		lit 1
  DEBUG   machine_hw:run           	TICK: 215	PC:   8	TOS:   1	TOS1:   7	SP:   3		add None
  DEBUG   machine_hw:run           	TICK: 221	PC:   9	TOS:   8	TOS1:   0	SP:   2		dup None
  DEBUG   machine_hw:run           	TICK: 224	PC:  10	TOS:   8	TOS1:   8	SP:   3		lit 15
  DEBUG   machine_hw:run           	TICK: 228	PC:  11	TOS:  15	TOS1:   8	SP:   4		sub None
  DEBUG   machine_hw:run           	TICK: 234	PC:  12	TOS:  -7	TOS1:   8	SP:   3		is_neg None
  DEBUG   machine_hw:run           	TICK: 236	PC:  13	TOS:  -1	TOS1:   8	SP:   3		jnz 3
  DEBUG   machine_hw:run           	TICK: 242	PC:   3	TOS:   8	TOS1:   0	SP:   2		dup None
  DEBUG   machine_hw:run           	TICK: 245	PC:   4	TOS:   8	TOS1:   8	SP:   3		load None
  DEBUG   machine_hw:run           	TICK: 247	PC:   5	TOS:  32	TOS1:   8	SP:   3		lit 1
  DEBUG   machine_hw:run           	TICK: 251	PC:   6	TOS:   1	TOS1:  32	SP:   4		store None
  DEBUG   machine_hw:run           	TICK: 258	PC:   7	TOS:   8	TOS1:   0	SP:   2		lit 1
  DEBUG   machine_hw:run           	TICK: 262	PC:   8	TOS:   1	TOS1:   8	SP:   3		add None
  DEBUG   machine_hw:run           	TICK: 268	PC:   9	TOS:   9	TOS1:   0	SP:   2		dup None
  DEBUG   machine_hw:run           	TICK: 271	PC:  10	TOS:   9	TOS1:   9	SP:   3		lit 15
  DEBUG   machine_hw:run           	TICK: 275	PC:  11	TOS:  15	TOS1:   9	SP:   4		sub None
  DEBUG   machine_hw:run           	TICK: 281	PC:  12	TOS:  -6	TOS1:   9	SP:   3		is_neg None
  DEBUG   machine_hw:run           	TICK: 283	PC:  13	TOS:  -1	TOS1:   9	SP:   3		jnz 3
  DEBUG   machine_hw:run           	TICK: 289	PC:   3	TOS:   9	TOS1:   0	SP:   2		dup None
  DEBUG   machine_hw:run           	TICK: 292	PC:   4	TOS:   9	TOS1:   9	SP:   3		load None
  DEBUG   machine_hw:run           	TICK: 294	PC:   5	TOS:  87	TOS1:   9	SP:   3		lit 1
  DEBUG   machine_hw:run           	TICK: 298	PC:   6	TOS:   1	TOS1:  87	SP:   4		store None
  DEBUG   machine_hw:run           	TICK: 305	PC:   7	TOS:   9	TOS1:   0	SP:   2		lit 1
  DEBUG   machine_hw:run           	TICK: 309	PC:   8	TOS:   1	TOS1:   9	SP:   3		add None
  DEBUG   machine_hw:run           	TICK: 315	PC:   9	TOS:  10	TOS1:   0	SP:   2		dup None
  DEBUG   machine_hw:run           	TICK: 318	PC:  10	TOS:  10	TOS1:  10	SP:   3		lit 15
  DEBUG   machine_hw:run           	TICK: 322	PC:  11	TOS:  15	TOS1:  10	SP:   4		sub None
  DEBUG   machine_hw:run           	TICK: 328	PC:  12	TOS:  -5	TOS1:  10	SP:   3		is_neg None
  DEBUG   machine_hw:run           	TICK: 330	PC:  13	TOS:  -1	TOS1:  10	SP:   3		jnz 3
  DEBUG   machine_hw:run           	TICK: 336	PC:   3	TOS:  10	TOS1:   0	SP:   2		dup None
  DEBUG   machine_hw:run           	TICK: 339	PC:   4	TOS:  10	TOS1:  10	SP:   3		load None
  DEBUG   machine_hw:run           	TICK: 341	PC:   5	TOS: 111	TOS1:  10	SP:   3		lit 1
  DEBUG   machine_hw:run           	TICK: 345	PC:   6	TOS:   1	TOS1: 111	SP:   4		store None
  DEBUG   machine_hw:run           	TICK: 352	PC:   7	TOS:  10	TOS1:   0	SP:   2		lit 1
  DEBUG   machine_hw:run           	TICK: 356	PC:   8	TOS:   1	TOS1:  10	SP:   3		add None
  DEBUG   machine_hw:run           	TICK: 362	PC:   9	TOS:  11	TOS1:   0	SP:   2		dup None
  DEBUG   machine_hw:run           	TICK: 365	PC:  10	TOS:  11	TOS1:  11	SP:   3		lit 15
  DEBUG   machine_hw:run           	TICK: 369	PC:  11	TOS:  15	TOS1:  11	SP:   4		sub None
  DEBUG   machine_hw:run           	TICK: 375	PC:  12	TOS:  -4	TOS1:  11	SP:   3		is_neg None
  DEBUG   machine_hw:run           	TICK: 377	PC:  13	TOS:  -1	TOS1:  11	SP:   3		jnz 3
  DEBUG   machine_hw:run           	TICK: 383	PC:   3	TOS:  11	TOS1:   0	SP:   2		dup None
  DEBUG   machine_hw:run           	TICK: 386	PC:   4	TOS:  11	TOS1:  11	SP:   3		load None
  DEBUG   machine_hw:run           	TICK: 388	PC:   5	TOS: 114	TOS1:  11	SP:   3		lit 1
  DEBUG   machine_hw:run           	TICK: 392	PC:   6	TOS:   1	TOS1: 114	SP:   4		store None
  DEBUG   machine_hw:run           	TICK: 399	PC:   7	TOS:  11	TOS1:   0	SP:   2		lit 1
  DEBUG   machine_hw:run           	TICK: 403	PC:   8	TOS:   1	TOS1:  11	SP:   3		add None
  DEBUG   machine_hw:run           	TICK: 409	PC:   9	TOS:  12	TOS1:   0	SP:   2		dup None
  DEBUG   machine_hw:run           	TICK: 412	PC:  10	TOS:  12	TOS1:  12	SP:   3		lit 15
  DEBUG   machine_hw:run           	TICK: 416	PC:  11	TOS:  15	TOS1:  12	SP:   4		sub None
  DEBUG   machine_hw:run           	TICK: 422	PC:  12	TOS:  -3	TOS1:  12	SP:   3		is_neg None
  DEBUG   machine_hw:run           	TICK: 424	PC:  13	TOS:  -1	TOS1:  12	SP:   3		jnz 3
  DEBUG   machine_hw:run           	TICK: 430	PC:   3	TOS:  12	TOS1:   0	SP:   2		dup None
  DEBUG   machine_hw:run           	TICK: 433	PC:   4	TOS:  12	TOS1:  12	SP:   3		load None
  DEBUG   machine_hw:run           	TICK: 435	PC:   5	TOS: 108	TOS1:  12	SP:   3		lit 1
  DEBUG   machine_hw:run           	TICK: 439	PC:   6	TOS:   1	TOS1: 108	SP:   4		store None
  DEBUG   machine_hw:run           	TICK: 446	PC:   7	TOS:  12	TOS1:   0	SP:   2		lit 1
  DEBUG   machine_hw:run           	TICK: 450	PC:   8	TOS:   1	TOS1:  12	SP:   3		add None
  DEBUG   machine_hw:run           	TICK: 456	PC:   9	TOS:  13	TOS1:   0	SP:   2		dup None
  DEBUG   machine_hw:run           	TICK: 459	PC:  10	TOS:  13	TOS1:  13	SP:   3		lit 15
  DEBUG   machine_hw:run           	TICK: 463	PC:  11	TOS:  15	TOS1:  13	SP:   4		sub None
  DEBUG   machine_hw:run           	TICK: 469	PC:  12	TOS:  -2	TOS1:  13	SP:   3		is_neg None
  DEBUG   machine_hw:run           	TICK: 471	PC:  13	TOS:  -1	TOS1:  13	SP:   3		jnz 3
  DEBUG   machine_hw:run           	TICK: 477	PC:   3	TOS:  13	TOS1:   0	SP:   2		dup None
  DEBUG   machine_hw:run           	TICK: 480	PC:   4	TOS:  13	TOS1:  13	SP:   3		load None
  DEBUG   machine_hw:run           	TICK: 482	PC:   5	TOS: 100	TOS1:  13	SP:   3		lit 1
  DEBUG   machine_hw:run           	TICK: 486	PC:   6	TOS:   1	TOS1: 100	SP:   4		store None
  DEBUG   machine_hw:run           	TICK: 493	PC:   7	TOS:  13	TOS1:   0	SP:   2		lit 1
  DEBUG   machine_hw:run           	TICK: 497	PC:   8	TOS:   1	TOS1:  13	SP:   3		add None
  DEBUG   machine_hw:run           	TICK: 503	PC:   9	TOS:  14	TOS1:   0	SP:   2		dup None
  DEBUG   machine_hw:run           	TICK: 506	PC:  10	TOS:  14	TOS1:  14	SP:   3		lit 15
  DEBUG   machine_hw:run           	TICK: 510	PC:  11	TOS:  15	TOS1:  14	SP:   4		sub None
  DEBUG   machine_hw:run           	TICK: 516	PC:  12	TOS:  -1	TOS1:  14	SP:   3		is_neg None
  DEBUG   machine_hw:run           	TICK: 518	PC:  13	TOS:  -1	TOS1:  14	SP:   3		jnz 3
  DEBUG   machine_hw:run           	TICK: 524	PC:   3	TOS:  14	TOS1:   0	SP:   2		dup None
  DEBUG   machine_hw:run           	TICK: 527	PC:   4	TOS:  14	TOS1:  14	SP:   3		load None
  DEBUG   machine_hw:run           	TICK: 529	PC:   5	TOS:  33	TOS1:  14	SP:   3		lit 1
  DEBUG   machine_hw:run           	TICK: 533	PC:   6	TOS:   1	TOS1:  33	SP:   4		store None
  DEBUG   machine_hw:run           	TICK: 540	PC:   7	TOS:  14	TOS1:   0	SP:   2		lit 1
  DEBUG   machine_hw:run           	TICK: 544	PC:   8	TOS:   1	TOS1:  14	SP:   3		add None
  DEBUG   machine_hw:run           	TICK: 550	PC:   9	TOS:  15	TOS1:   0	SP:   2		dup None
  DEBUG   machine_hw:run           	TICK: 553	PC:  10	TOS:  15	TOS1:  15	SP:   3		lit 15
  DEBUG   machine_hw:run           	TICK: 557	PC:  11	TOS:  15	TOS1:  15	SP:   4		sub None
  DEBUG   machine_hw:run           	TICK: 563	PC:  12	TOS:   0	TOS1:  15	SP:   3		is_neg None
  DEBUG   machine_hw:run           	TICK: 565	PC:  13	TOS:   0	TOS1:  15	SP:   3		jnz 3
  DEBUG   machine_hw:run           	TICK: 571	PC:  14	TOS:  15	TOS1:   0	SP:   2		ret None
  DEBUG   machine_hw:run           	TICK: 573	PC:  16	TOS:  15	TOS1:   0	SP:   2		halt None
  INFO    machine_hw:run           Program has ended with halt
  INFO    machine_hw:run           output_buffer: 'Hello World!'
out_code: |
  {
          "data": [
                  0,
                  0,
                  0,
                  72,
                  101,
                  108,
                  108,
                  111,
                  32,
                  87,
                  111,
                  114,
                  108,
                  100,
                  33
          ],
          "code": [
                  {"opcode": "jmp", "arg": 15},
                  {"opcode": "nop", "arg": "None"},
                  {"opcode": "lit", "arg": 3},
                  {"opcode": "dup", "arg": "None"},
                  {"opcode": "load", "arg": "None"},
                  {"opcode": "lit", "arg": 1},
                  {"opcode": "store", "arg": "None"},
                  {"opcode": "lit", "arg": 1},
                  {"opcode": "add", "arg": "None"},
                  {"opcode": "dup", "arg": "None"},
                  {"opcode": "lit", "arg": 15},
                  {"opcode": "sub", "arg": "None"},
                  {"opcode": "is_neg", "arg": "None"},
                  {"opcode": "jnz", "arg": 3},
                  {"opcode": "ret", "arg": "None"},
                  {"opcode": "call", "arg": 1},
                  {"opcode": "halt", "arg": "None"}
          ]
  }